
  .   ____          _            __ _ _
 /\\ / ___'_ __ _ _(_)_ __  __ _ \ \ \ \
( ( )\___ | '_ | '_| | '_ \/ _` | \ \ \ \
 \\/  ___)| |_)| | | | | || (_| |  ) ) ) )
  '  |____| .__|_| |_|_| |_\__, | / / / /
 =========|_|==============|___/=/_/_/_/

 :: Spring Boot ::                (v3.4.2)

2026-04-20T12:25:23.985+01:00  INFO 7800 --- [nestie-gateway] [           main] com.nestie.gateway.GatewayApplication    : Starting GatewayApplication v1.0.0 using Java 17.0.18 with PID 7800 (C:\Users\21658\Downloads\test1\gateway-service\target\gateway-service-1.0.0.jar started by 21658 in C:\Users\21658\Downloads\test1)
2026-04-20T12:25:23.987+01:00  INFO 7800 --- [nestie-gateway] [           main] com.nestie.gateway.GatewayApplication    : No active profile set, falling back to 1 default profile: "default"
2026-04-20T12:25:25.105+01:00  INFO 7800 --- [nestie-gateway] [           main] o.s.cloud.context.scope.GenericScope     : BeanFactory id=3f82f0eb-286f-3748-b595-2d98da8766a3
2026-04-20T12:25:26.802+01:00  INFO 7800 --- [nestie-gateway] [           main] o.s.cloud.commons.util.InetUtils         : Cannot determine local hostname
2026-04-20T12:25:27.255+01:00  INFO 7800 --- [nestie-gateway] [           main] o.s.c.g.r.RouteDefinitionRouteLocator    : Loaded RoutePredicateFactory [After]
2026-04-20T12:25:27.255+01:00  INFO 7800 --- [nestie-gateway] [           main] o.s.c.g.r.RouteDefinitionRouteLocator    : Loaded RoutePredicateFactory [Before]
2026-04-20T12:25:27.255+01:00  INFO 7800 --- [nestie-gateway] [           main] o.s.c.g.r.RouteDefinitionRouteLocator    : Loaded RoutePredicateFactory [Between]
2026-04-20T12:25:27.255+01:00  INFO 7800 --- [nestie-gateway] [           main] o.s.c.g.r.RouteDefinitionRouteLocator    : Loaded RoutePredicateFactory [Cookie]
2026-04-20T12:25:27.255+01:00  INFO 7800 --- [nestie-gateway] [           main] o.s.c.g.r.RouteDefinitionRouteLocator    : Loaded RoutePredicateFactory [Header]
2026-04-20T12:25:27.255+01:00  INFO 7800 --- [nestie-gateway] [           main] o.s.c.g.r.RouteDefinitionRouteLocator    : Loaded RoutePredicateFactory [Host]
2026-04-20T12:25:27.255+01:00  INFO 7800 --- [nestie-gateway] [           main] o.s.c.g.r.RouteDefinitionRouteLocator    : Loaded RoutePredicateFactory [Method]
2026-04-20T12:25:27.255+01:00  INFO 7800 --- [nestie-gateway] [           main] o.s.c.g.r.RouteDefinitionRouteLocator    : Loaded RoutePredicateFactory [Path]
2026-04-20T12:25:27.255+01:00  INFO 7800 --- [nestie-gateway] [           main] o.s.c.g.r.RouteDefinitionRouteLocator    : Loaded RoutePredicateFactory [Query]
2026-04-20T12:25:27.255+01:00  INFO 7800 --- [nestie-gateway] [           main] o.s.c.g.r.RouteDefinitionRouteLocator    : Loaded RoutePredicateFactory [ReadBody]
2026-04-20T12:25:27.255+01:00  INFO 7800 --- [nestie-gateway] [           main] o.s.c.g.r.RouteDefinitionRouteLocator    : Loaded RoutePredicateFactory [RemoteAddr]
2026-04-20T12:25:27.255+01:00  INFO 7800 --- [nestie-gateway] [           main] o.s.c.g.r.RouteDefinitionRouteLocator    : Loaded RoutePredicateFactory [XForwardedRemoteAddr]
2026-04-20T12:25:27.255+01:00  INFO 7800 --- [nestie-gateway] [           main] o.s.c.g.r.RouteDefinitionRouteLocator    : Loaded RoutePredicateFactory [Weight]
2026-04-20T12:25:27.255+01:00  INFO 7800 --- [nestie-gateway] [           main] o.s.c.g.r.RouteDefinitionRouteLocator    : Loaded RoutePredicateFactory [CloudFoundryRouteService]
2026-04-20T12:25:28.554+01:00  INFO 7800 --- [nestie-gateway] [           main] o.s.cloud.commons.util.InetUtils         : Cannot determine local hostname
2026-04-20T12:25:28.602+01:00  INFO 7800 --- [nestie-gateway] [           main] o.s.b.a.e.web.EndpointLinksResolver      : Exposing 3 endpoints beneath base path '/actuator'
2026-04-20T12:25:29.055+01:00  INFO 7800 --- [nestie-gateway] [           main] o.s.b.web.embedded.netty.NettyWebServer  : Netty started on port 9090 (http)
2026-04-20T12:25:30.185+01:00  INFO 7800 --- [nestie-gateway] [           main] o.s.cloud.commons.util.InetUtils         : Cannot determine local hostname
2026-04-20T12:25:31.294+01:00  INFO 7800 --- [nestie-gateway] [           main] o.s.cloud.commons.util.InetUtils         : Cannot determine local hostname
2026-04-20T12:25:31.385+01:00  INFO 7800 --- [nestie-gateway] [           main] com.nestie.gateway.GatewayApplication    : Started GatewayApplication in 9.088 seconds (process running for 9.647)
