2026-03-16  2:36:07 0 [Note] Starting MariaDB 10.4.32-MariaDB source revision c4143f909528e3fab0677a28631d10389354c491 as process 15668
2026-03-16  2:36:07 0 [Note] InnoDB: The first innodb_system data file 'ibdata1' did not exist. A new tablespace will be created!
2026-03-16  2:36:07 0 [Note] InnoDB: Mutexes and rw_locks use Windows interlocked functions
2026-03-16  2:36:07 0 [Note] InnoDB: Uses event mutexes
2026-03-16  2:36:07 0 [Note] InnoDB: Compressed tables use zlib 1.3
2026-03-16  2:36:07 0 [Note] InnoDB: Number of pools: 1
2026-03-16  2:36:07 0 [Note] InnoDB: Using SSE2 crc32 instructions
2026-03-16  2:36:07 0 [Note] InnoDB: Initializing buffer pool, total size = 128M, instances = 1, chunk size = 128M
2026-03-16  2:36:07 0 [Note] InnoDB: Completed initialization of buffer pool
2026-03-16  2:36:07 0 [Note] InnoDB: Setting file '.\ibdata1' size to 12 MB. Physically writing the file full; Please wait ...
2026-03-16  2:36:07 0 [Note] InnoDB: File '.\ibdata1' size is now 12 MB.
2026-03-16  2:36:07 0 [Note] InnoDB: Setting log file .\ib_logfile101 size to 50331648 bytes
2026-03-16  2:36:07 0 [Note] InnoDB: Setting log file .\ib_logfile1 size to 50331648 bytes
2026-03-16  2:36:07 0 [Note] InnoDB: Renaming log file .\ib_logfile101 to .\ib_logfile0
2026-03-16  2:36:07 0 [Note] InnoDB: New log files created, LSN=11451
2026-03-16  2:36:07 0 [Note] InnoDB: Doublewrite buffer not found: creating new
2026-03-16  2:36:07 0 [Note] InnoDB: Doublewrite buffer created
2026-03-16  2:36:07 0 [Note] InnoDB: 128 out of 128 rollback segments are active.
2026-03-16  2:36:07 0 [Note] InnoDB: Creating foreign key constraint system tables.
2026-03-16  2:36:07 0 [Note] InnoDB: Creating tablespace and datafile system tables.
2026-03-16  2:36:07 0 [Note] InnoDB: Creating sys_virtual system tables.
2026-03-16  2:36:07 0 [Note] InnoDB: Creating shared tablespace for temporary tables
2026-03-16  2:36:07 0 [Note] InnoDB: Setting file '.\ibtmp1' size to 12 MB. Physically writing the file full; Please wait ...
2026-03-16  2:36:07 0 [Note] InnoDB: File '.\ibtmp1' size is now 12 MB.
2026-03-16  2:36:07 0 [Note] InnoDB: Waiting for purge to start
2026-03-16  2:36:07 0 [Note] InnoDB: 10.4.32 started; log sequence number 0; transaction id 7
2026-03-16  2:36:07 0 [Note] Plugin 'FEEDBACK' is disabled.
2026-03-24T18:40:15.476343Z 0 [System] [MY-010116] [Server] C:\Program Files\MySQL\MySQL Server 8.0\bin\mysqld.exe (mysqld 8.0.33) starting as process 2064
2026-03-24T18:40:16.001191Z 0 [Warning] [MY-010075] [Server] No existing UUID has been found, so we assume that this is the first time that this server has been started. Generating a new UUID: e67f0ed8-27b0-11f1-93ba-50ebf64de969.
2026-03-24T18:40:16.007264Z 1 [System] [MY-011012] [Server] Starting upgrade of data directory.
2026-03-24T18:40:16.007592Z 1 [System] [MY-013576] [InnoDB] InnoDB initialization has started.
2026-03-24T18:40:16.211960Z 1 [ERROR] [MY-013894] [InnoDB] Found redo log file .\ib_logfile0 which has format (v104) and is stored outside #innodb_redo.
2026-03-24T18:40:16.212482Z 1 [ERROR] [MY-012930] [InnoDB] Plugin initialization aborted with error Generic error.
2026-03-24T18:40:16.227477Z 1 [ERROR] [MY-011013] [Server] Failed to initialize DD Storage Engine.
2026-03-24T18:40:16.228893Z 0 [ERROR] [MY-010020] [Server] Data Dictionary initialization failed.
2026-03-24T18:40:16.229422Z 0 [ERROR] [MY-010119] [Server] Aborting
2026-03-24T18:40:16.231042Z 0 [System] [MY-010910] [Server] C:\Program Files\MySQL\MySQL Server 8.0\bin\mysqld.exe: Shutdown complete (mysqld 8.0.33)  MySQL Community Server - GPL.
2026-04-01T07:15:45.221606Z 0 [System] [MY-010116] [Server] C:\Program Files\MySQL\MySQL Server 8.0\bin\mysqld.exe (mysqld 8.0.33) starting as process 14040
2026-04-01T07:15:45.274827Z 1 [System] [MY-011012] [Server] Starting upgrade of data directory.
2026-04-01T07:15:45.275191Z 1 [System] [MY-013576] [InnoDB] InnoDB initialization has started.
2026-04-01T07:15:45.462926Z 1 [ERROR] [MY-013894] [InnoDB] Found redo log file .\ib_logfile0 which has format (v104) and is stored outside #innodb_redo.
2026-04-01T07:15:45.463443Z 1 [ERROR] [MY-012930] [InnoDB] Plugin initialization aborted with error Generic error.
2026-04-01T07:15:45.495311Z 1 [ERROR] [MY-011013] [Server] Failed to initialize DD Storage Engine.
2026-04-01T07:15:45.498524Z 0 [ERROR] [MY-010020] [Server] Data Dictionary initialization failed.
2026-04-01T07:15:45.500008Z 0 [ERROR] [MY-010119] [Server] Aborting
2026-04-01T07:15:45.502110Z 0 [System] [MY-010910] [Server] C:\Program Files\MySQL\MySQL Server 8.0\bin\mysqld.exe: Shutdown complete (mysqld 8.0.33)  MySQL Community Server - GPL.
